Webcamviewer\Response Object
(
    [output:Webcamviewer\Response:private] => 
<h1>Webcamviewer 2.0-dev</h1>
<h2>System check</h2>
<p class="xh_success">PHP version ≥ 7.0.0 ⇒ okay</p>
<p class="xh_success">Extension 'json' loaded ⇒ okay</p>
<p class="xh_success">CMSimple_XH version ≥ 1.7.0 ⇒ okay</p>
<p class="xh_success">Folder './config/' writable ⇒ okay</p>
<p class="xh_success">Folder './languages/' writable ⇒ okay</p>

    [hjs:Webcamviewer\Response:private] => 
)
